
HomePC@VIOLA MINGW64 ~ (master)
$ pwd
/c/Users/HomePC

HomePC@VIOLA MINGW64 ~ (master)
$ cd desktop

HomePC@VIOLA MINGW64 ~/desktop (master)
$ mkdir learn_git

HomePC@VIOLA MINGW64 ~/desktop (master)
$ cd learn_git

HomePC@VIOLA MINGW64 ~/desktop/learn_git (master)
$ touch third.txt

HomePC@VIOLA MINGW64 ~/desktop/learn_git (master)
$ git init
Initialized empty Git repository in C:/Users/HomePC/desktop/learn_git/.git/

HomePC@VIOLA MINGW64 ~/desktop/learn_git (master)
$ git commit -m "adding third.txt"
On branch master

Initial commit

Untracked files:
  (use "git add <file>..." to include in what will be committed)
        third.txt

nothing added to commit but untracked files present (use "git add" to track)

HomePC@VIOLA MINGW64 ~/desktop/learn_git (master)
$ git add .

HomePC@VIOLA MINGW64 ~/desktop/learn_git (master)
$ git log
fatal: your current branch 'master' does not have any commits yet

HomePC@VIOLA MINGW64 ~/desktop/learn_git (master)
$ git commit -m "adding third.txt"
[master (root-commit) 574d916] adding third.txt
 1 file changed, 0 insertions(+), 0 deletions(-)
 create mode 100644 third.txt

HomePC@VIOLA MINGW64 ~/desktop/learn_git (master)
$ touch fourth.txt

HomePC@VIOLA MINGW64 ~/desktop/learn_git (master)
$ git add .

HomePC@VIOLA MINGW64 ~/desktop/learn_git (master)
$ git commit -m "adding fourth.txt"
[master de7df11] adding fourth.txt
 1 file changed, 0 insertions(+), 0 deletions(-)
 create mode 100644 fourth.txt

HomePC@VIOLA MINGW64 ~/desktop/learn_git (master)
$ rm third.txt

HomePC@VIOLA MINGW64 ~/desktop/learn_git (master)
$ git add .

HomePC@VIOLA MINGW64 ~/desktop/learn_git (master)
$ git commit -m "removing third.txt"
[master 4bc3acc] removing third.txt
 1 file changed, 0 insertions(+), 0 deletions(-)
 delete mode 100644 third.txt

HomePC@VIOLA MINGW64 ~/desktop/learn_git (master)
$ git log
commit 4bc3accd92762dc25ef4438c45e21f1f3891a074 (HEAD -> master)
Author: VIOLA895 <kambuniviola@gmail.com>
Date:   Tue Sep 3 19:50:31 2024 +0300

    removing third.txt

commit de7df118553cc0e86c382b48b132b8953ef1bdcc
Author: VIOLA895 <kambuniviola@gmail.com>
Date:   Tue Sep 3 19:48:14 2024 +0300

    adding fourth.txt

commit 574d91662093795c401fa70428cb1955fba337e7
Author: VIOLA895 <kambuniviola@gmail.com>
Date:   Tue Sep 3 19:45:55 2024 +0300

    adding third.txt

HomePC@VIOLA MINGW64 ~/desktop/learn_git (master)
$ git config --global core.pager "cat"

HomePC@VIOLA MINGW64 ~/desktop/learn_git (master)
$ git config --list --global
user.email=kambuniviola@gmail.com
user.name=VIOLA895
core.pager=cat

HomePC@VIOLA MINGW64 ~/desktop/learn_git (master)
$
